#-----------------------------------------------------------
# Vivado v2023.1 (64-bit)
# SW Build 3865809 on Sun May  7 15:05:29 MDT 2023
# IP Build 3864474 on Sun May  7 20:36:21 MDT 2023
# SharedData Build 3865790 on Sun May 07 13:33:03 MDT 2023
# Start of session at: Thu Apr 11 19:26:38 2024
# Process ID: 8308
# Current directory: C:/Users/Administrator.LAPTOP-S0NU6TDL/Documents/DSL_1D/.git/DSL_PRNG_GROUP_2
# Command line: vivado.exe -gui_launcher_event rodinguilauncherevent16524 C:\Users\Administrator.LAPTOP-S0NU6TDL\Documents\DSL_1D\.git\DSL_PRNG_GROUP_2\PRNG_DSL_G2.xpr
# Log file: C:/Users/Administrator.LAPTOP-S0NU6TDL/Documents/DSL_1D/.git/DSL_PRNG_GROUP_2/vivado.log
# Journal file: C:/Users/Administrator.LAPTOP-S0NU6TDL/Documents/DSL_1D/.git/DSL_PRNG_GROUP_2\vivado.jou
# Running On: LAPTOP-S0NU6TDL, OS: Windows, CPU Frequency: 2592 MHz, CPU Physical cores: 6, Host memory: 17073 MB
#-----------------------------------------------------------
start_gui
open_project C:/Users/Administrator.LAPTOP-S0NU6TDL/Documents/DSL_1D/.git/DSL_PRNG_GROUP_2/PRNG_DSL_G2.xpr
update_compile_order -fileset sources_1
add_files -norecurse {C:/Users/Administrator.LAPTOP-S0NU6TDL/Documents/DSL_1D/.git/DSL_PRNG_GROUP_2/PRNG_DSL_G2.srcs/sources_1/new/DP.v C:/Users/Administrator.LAPTOP-S0NU6TDL/Documents/DSL_1D/.git/DSL_PRNG_GROUP_2/PRNG_DSL_G2.srcs/sources_1/new/rng.v}
update_compile_order -fileset sources_1
update_compile_order -fileset sources_1
update_compile_order -fileset sources_1
update_compile_order -fileset sources_1
